// Jest Snapshot v1, https://goo.gl/fbAQLP

exports[`Topics routes should match expectations topics.info throws an error if the user tries to access a forbidden topic 1`] = `{}`;
