// Jest Snapshot v1, https://goo.gl/fbAQLP

exports[`The Accordion fragment builds as expected The parsed accordion fragment matches the snapshot on file 1`] = `
Object {
  "childUris": Array [
    "test-fragment-uri",
    "test-fragment-uri",
    "test-fragment-uri",
  ],
  "contentType": "Accordion",
  "contents": "",
  "data": Object {},
  "dependencyUris": Array [],
  "digest": "4d8ba2b09a0224d8f7c939b743d18c47",
  "displayConditions": Array [],
  "documentUri": "mock-document-uri",
  "isRequired": false,
  "isStateful": false,
  "uri": "test-fragment-uri",
}
`;
