// Jest Snapshot v1, https://goo.gl/fbAQLP

exports[`The Checklist fragment builds as expected The parsed checklist fragment matches the snapshot on file 1`] = `
Object {
  "childUris": Array [
    "test-fragment-uri",
    "test-fragment-uri",
    "test-fragment-uri",
  ],
  "contentType": "Checklist",
  "contents": "",
  "data": Object {
    "completionContent": "You're finished! Nice work.",
  },
  "dependencyUris": Array [],
  "digest": "4d68062cfc6ff55be519e7924be24858",
  "displayConditions": Array [],
  "documentUri": "mock-document-uri",
  "isRequired": true,
  "isStateful": true,
  "uri": "test-fragment-uri",
}
`;
