// Jest Snapshot v1, https://goo.gl/fbAQLP

exports[`The ContinueButton fragment builds as expected The parsed continue-button fragment matches the snapshot on file 1`] = `
Object {
  "childUris": Array [
    "test-fragment-uri",
  ],
  "contentType": "ContinueButton",
  "contents": "",
  "data": Object {},
  "dependencyUris": Array [],
  "digest": "700437dc9a5218b71e327d06b97fa1d2",
  "displayConditions": Array [],
  "documentUri": "mock-document-uri",
  "isRequired": true,
  "isStateful": true,
  "uri": "test-fragment-uri",
}
`;
