// Jest Snapshot v1, https://goo.gl/fbAQLP

exports[`The Echo fragment builds as expected The parsed echo fragment matches the snapshot on file 1`] = `
Object {
  "childUris": Array [
    "test-fragment-uri",
  ],
  "contentType": "Echo",
  "contents": "<echo>my-user-inputted-value</echo>",
  "data": Object {
    "fragmentUrisByAlias": Object {
      "my-user-inputted-value": null,
    },
  },
  "dependencyUris": Array [],
  "digest": "486fdac9c698fd540792f065e0e6b33d",
  "displayConditions": Array [],
  "documentUri": "mock-document-uri",
  "isRequired": false,
  "isStateful": false,
  "uri": "test-fragment-uri",
}
`;
