// Jest Snapshot v1, https://goo.gl/fbAQLP

exports[`The LongTextQuestion fragment builds as expected The parsed long-text-question fragment matches the snapshot on file 1`] = `
Object {
  "childUris": Array [
    "test-fragment-uri",
  ],
  "contentType": "LongTextQuestion",
  "contents": "",
  "data": Object {},
  "dependencyUris": Array [],
  "digest": "74e5050636f4cd254100c7f855897db1",
  "displayConditions": Array [],
  "documentUri": "mock-document-uri",
  "isRequired": true,
  "isStateful": true,
  "uri": "test-fragment-uri",
}
`;
