// Jest Snapshot v1, https://goo.gl/fbAQLP

exports[`The MermaidDiagram fragment builds as expected The parsed mermaid-diagram fragment matches the snapshot on file 1`] = `
Object {
  "childUris": Array [],
  "contentType": "MermaidDiagram",
  "contents": "
flowchart TD
    P1(Person 1 Paycheck)
    P2(Person 2 Paycheck)
    P1 --> P1401K(P1 401K contribution)
    JC(Joint checking account)
    P1 & P2 ---->|direct deposit| JC
    P2 --> P2401K(P2 401K contribution)
    JC --> I1(P1 weekly investment) --scheduled transaction-->P1V(P1 Vanguard account)
    JC ----> A1(P1 weekly allowance) --scheduled transaction--> C1(P1 checking)
    JC --> B(\\"All household expenses (utilities, insurance, etc)\\")
    JC ----> A2(P2 weekly allowance) --scheduled transaction--> C2(P2 checking)
    JC --> I2(P2 weekly investment) --scheduled transaction-->P2V(P2 Vanguard account)
    C1 --> PE1(Clothes, shoes, takeout, etc.)
    C2 --> PE2(Clothes, shoes, takeout, etc.)
",
  "data": Object {
    "config": Object {},
  },
  "dependencyUris": Array [],
  "digest": "6eb9faa9d3ef75150d2e84eef0dbd6ac",
  "displayConditions": Array [],
  "documentUri": "mock-document-uri",
  "isRequired": false,
  "isStateful": false,
  "uri": "test-fragment-uri",
}
`;
