// Jest Snapshot v1, https://goo.gl/fbAQLP

exports[`The SentimentCheck fragment builds as expected The parsed sentiment-check fragment matches the snapshot on file 1`] = `
Object {
  "childUris": Array [
    "test-fragment-uri",
  ],
  "contentType": "SentimentCheck",
  "contents": "",
  "data": Object {},
  "dependencyUris": Array [],
  "digest": "baa130f7632fbad6ef8c78f06b77402c",
  "displayConditions": Array [],
  "documentUri": "mock-document-uri",
  "isRequired": true,
  "isStateful": true,
  "uri": "test-fragment-uri",
}
`;
