// Jest Snapshot v1, https://goo.gl/fbAQLP

exports[`The ShortTextQuestion fragment builds as expected The parsed short-text-question fragment matches the snapshot on file 1`] = `
Object {
  "childUris": Array [
    "test-fragment-uri",
  ],
  "contentType": "ShortTextQuestion",
  "contents": "",
  "data": Object {},
  "dependencyUris": Array [],
  "digest": "8057d32a19a823078fca8232bc154aa0",
  "displayConditions": Array [],
  "documentUri": "mock-document-uri",
  "isRequired": true,
  "isStateful": true,
  "uri": "test-fragment-uri",
}
`;
