// Jest Snapshot v1, https://goo.gl/fbAQLP

exports[`The Show fragment builds as expected The parsed show fragment matches the snapshot on file 1`] = `
Object {
  "childUris": Array [
    "test-fragment-uri",
  ],
  "contentType": "Show",
  "contents": "",
  "data": Object {},
  "dependencyUris": Array [],
  "digest": "89b8bb9e8d98c83a9e19d98ff9f0f3db",
  "displayConditions": Array [
    Object {
      "data": Object {
        "alias": "favorite-color",
        "operator": "is",
        "targetValue": "hot-pink",
      },
      "type": "condition",
    },
  ],
  "documentUri": "mock-document-uri",
  "isRequired": false,
  "isStateful": false,
  "uri": "test-fragment-uri",
}
`;
