// Jest Snapshot v1, https://goo.gl/fbAQLP

exports[`The Slideshow fragment builds as expected The parsed slideshow fragment matches the snapshot on file 1`] = `
Object {
  "childUris": Array [
    "test-fragment-uri",
    "test-fragment-uri",
    "test-fragment-uri",
  ],
  "contentType": "Slideshow",
  "contents": "",
  "data": Object {},
  "dependencyUris": Array [],
  "digest": "b8868ef3c196f3eb247b8bb3c447f749",
  "displayConditions": Array [],
  "documentUri": "mock-document-uri",
  "isRequired": true,
  "isStateful": true,
  "uri": "test-fragment-uri",
}
`;
