// Jest Snapshot v1, https://goo.gl/fbAQLP

exports[`The Slide fragment builds as expected The parsed slide fragment matches the snapshot on file 1`] = `
Object {
  "childUris": Array [
    "test-fragment-uri",
  ],
  "contentType": "Slide",
  "contents": "",
  "data": Object {},
  "dependencyUris": Array [],
  "digest": "1dca249be373cf344af56f6549c8e465",
  "displayConditions": Array [],
  "documentUri": "mock-document-uri",
  "isRequired": false,
  "isStateful": false,
  "uri": "test-fragment-uri",
}
`;
