// Jest Snapshot v1, https://goo.gl/fbAQLP

exports[`The Tab fragment builds as expected The parsed tab fragment matches the snapshot on file 1`] = `
Object {
  "childUris": Array [
    "test-fragment-uri",
  ],
  "contentType": "Tab",
  "contents": "",
  "data": Object {
    "title": "Tab 1 title",
  },
  "dependencyUris": Array [],
  "digest": "b927b11ce15323c54f79dd25d0aa3300",
  "displayConditions": Array [],
  "documentUri": "mock-document-uri",
  "isRequired": false,
  "isStateful": false,
  "uri": "test-fragment-uri",
}
`;
