// Jest Snapshot v1, https://goo.gl/fbAQLP

exports[`The Tabs fragment builds as expected The parsed tabs fragment matches the snapshot on file 1`] = `
Object {
  "childUris": Array [
    "test-fragment-uri",
    "test-fragment-uri",
    "test-fragment-uri",
  ],
  "contentType": "Tabs",
  "contents": "",
  "data": Object {},
  "dependencyUris": Array [],
  "digest": "2a285ab348be9248219d8d0d8a27e14e",
  "displayConditions": Array [],
  "documentUri": "mock-document-uri",
  "isRequired": false,
  "isStateful": false,
  "uri": "test-fragment-uri",
}
`;
