// Jest Snapshot v1, https://goo.gl/fbAQLP

exports[`The VisualList fragment builds as expected The parsed visual-list fragment matches the snapshot on file 1`] = `
Object {
  "childUris": Array [],
  "contentType": "VisualList",
  "contents": "",
  "data": Object {
    "items": Array [
      Object {
        "contents": "<h1 id=\\"the-leader\\">The Leader</h1>
<ul>
<li>Identifies and prioritizes knowledge gaps</li>
<li>Assesses and recognizes content health at the org level</li>
</ul>
",
        "imageUrl": "http://localhost:8080/topic-assets/mock-topic-uri/images/leadership.svg",
      },
      Object {
        "contents": "<h1 id=\\"the-subject-matter-expert\\">The Subject-Matter Expert</h1>
<ul>
<li>Contributes information</li>
<li>Maintains technical accuracy of information</li>
</ul>
",
        "imageUrl": "http://localhost:8080/topic-assets/mock-topic-uri/images/developer.svg",
      },
      Object {
        "contents": "<h1 id=\\"the-learning-team-member\\">The Learning Team Member</h1>
<ul>
<li>Enhances/repackages high-priority content</li>
<li>Assigns or recommends content</li>
<li>Supports learners, especially new hires</li>
<li>Analyzes metrics and feedback</li>
</ul>
",
        "imageUrl": "http://localhost:8080/topic-assets/mock-topic-uri/images/apple.svg",
      },
      Object {
        "contents": "<h1 id=\\"the-learner\\">The Learner</h1>
<ul>
<li>Consumes technical information</li>
<li>Demonstrates skills by completing challenges</li>
<li>Provides feedback on content</li>
<li>Requests new content</li>
</ul>
",
        "imageUrl": "http://localhost:8080/topic-assets/mock-topic-uri/images/creative-idea.svg",
      },
      Object {
        "contents": "<h1 id=\\"the-manager\\">The Manager</h1>
<ul>
<li>Assigns or recommends content to team</li>
<li>Assesses and recognizes participation in knowledge-sharing</li>
</ul>
",
        "imageUrl": "http://localhost:8080/topic-assets/mock-topic-uri/images/organization-chart.svg",
      },
    ],
    "orientation": "vertical",
  },
  "dependencyUris": Array [],
  "digest": "6a460acb1180730711015d710affd304",
  "displayConditions": Array [],
  "documentUri": "mock-document-uri",
  "isRequired": false,
  "isStateful": false,
  "uri": "test-fragment-uri",
}
`;
