// Jest Snapshot v1, https://goo.gl/fbAQLP

exports[`The Warning fragment builds as expected The parsed warning fragment matches the snapshot on file 1`] = `
Object {
  "childUris": Array [
    "test-fragment-uri",
  ],
  "contentType": "Warning",
  "contents": "",
  "data": Object {},
  "dependencyUris": Array [],
  "digest": "77565d0278439fc7b265e10c472d160c",
  "displayConditions": Array [],
  "documentUri": "mock-document-uri",
  "isRequired": true,
  "isStateful": true,
  "uri": "test-fragment-uri",
}
`;
