// Jest Snapshot v1, https://goo.gl/fbAQLP

exports[`The Tab fragment builds as expected The parsed tab fragment matches the snapshot on file 1`] = `
Object {
  "childUris": Array [],
  "contentType": "Tab",
  "contents": "",
  "data": Object {
    "title": "Tab 1 title",
  },
  "dependencyUris": Array [],
  "digest": "9677b69ae4266cef0744c7de5ad3c9b4",
  "displayConditions": Array [],
  "documentUri": "mock-document-uri",
  "isRequired": false,
  "isStateful": false,
  "uri": "test-fragment-uri",
}
`;
